// Vitest Snapshot v1, https://vitest.dev/guide/snapshot.html

exports[`calculateTargetDateRanking > golden snapshot regression baseline (合成データ60日×15機種) > matches the golden forecast snapshot for regression testing 1`] = `
{
  "meta": {
    "days": 60,
    "modelsCount": 15,
    "normalTargetDate": "2024-03-02",
    "seed": 42,
    "specialTargetDate": "2024-03-07",
  },
  "normalForecast": {
    "dayOfWeek": "土",
    "dayTail": 2,
    "expectedHallAvgDiffCoins": 109,
    "expectedHallPayoutRate": 100.57,
    "expectedHallStatus": "好待遇特日",
    "expectedHallWinRate": 100,
    "isHoliday": false,
    "isSpecialDay": false,
    "matchingHistoricalDaysCount": 8,
    "modelRankings": [
      {
        "allHighDaysCount": 0,
        "avgGames": 5794,
        "compositeScore": 76.8,
        "expectedDiffCoins": 197,
        "matchingAvgDiffCoins": 209,
        "matchingDaysCount": 8,
        "matchingWinRate": 58.4,
        "modelName": "キングハナハナ-30",
        "predictedPayoutRate": 101.13,
        "predictedWinRate": 57.6,
        "rank": 1,
        "rankGrade": "S",
        "sampleDays": 60,
        "sampleRecords": [
          {
            "avgDiffCoins": 175,
            "avgGames": 5560,
            "date": "2024-02-24",
            "dayOfWeek": "土",
            "isOldEventDay": false,
            "winRate": 55.6,
          },
          {
            "avgDiffCoins": 552,
            "avgGames": 6969,
            "date": "2024-02-17",
            "dayOfWeek": "土",
            "isOldEventDay": true,
            "winRate": 66.7,
          },
          {
            "avgDiffCoins": -29,
            "avgGames": 5245,
            "date": "2024-02-10",
            "dayOfWeek": "土",
            "isOldEventDay": false,
            "winRate": 44.4,
          },
          {
            "avgDiffCoins": 31,
            "avgGames": 5225,
            "date": "2024-02-03",
            "dayOfWeek": "土",
            "isOldEventDay": false,
            "winRate": 55.6,
          },
          {
            "avgDiffCoins": 573,
            "avgGames": 7202,
            "date": "2024-01-27",
            "dayOfWeek": "土",
            "isOldEventDay": true,
            "winRate": 77.8,
          },
          {
            "avgDiffCoins": 139,
            "avgGames": 5321,
            "date": "2024-01-20",
            "dayOfWeek": "土",
            "isOldEventDay": false,
            "winRate": 55.6,
          },
          {
            "avgDiffCoins": 193,
            "avgGames": 5195,
            "date": "2024-01-13",
            "dayOfWeek": "土",
            "isOldEventDay": false,
            "winRate": 55.6,
          },
          {
            "avgDiffCoins": 38,
            "avgGames": 5633,
            "date": "2024-01-06",
            "dayOfWeek": "土",
            "isOldEventDay": false,
            "winRate": 55.6,
          },
        ],
        "tacticalReason": "店舗全体でベース出率が高め。通常日でも単発高設定に期待。",
        "tags": [
          "Aタイプ",
          "主力機(9台)",
        ],
        "totalMachines": 9,
      },
      {
        "allHighDaysCount": 0,
        "avgGames": 4362,
        "compositeScore": 72.1,
        "expectedDiffCoins": 169,
        "matchingAvgDiffCoins": 177,
        "matchingDaysCount": 8,
        "matchingWinRate": 55.3,
        "modelName": "L からくりサーカス",
        "predictedPayoutRate": 101.29,
        "predictedWinRate": 55.1,
        "rank": 2,
        "rankGrade": "S",
        "sampleDays": 60,
        "sampleRecords": [
          {
            "avgDiffCoins": 85,
            "avgGames": 4033,
            "date": "2024-02-24",
            "dayOfWeek": "土",
            "isOldEventDay": false,
            "winRate": 42.9,
          },
          {
            "avgDiffCoins": 351,
            "avgGames": 5672,
            "date": "2024-02-17",
            "dayOfWeek": "土",
            "isOldEventDay": true,
            "winRate": 57.1,
          },
          {
            "avgDiffCoins": 208,
            "avgGames": 4120,
            "date": "2024-02-10",
            "dayOfWeek": "土",
            "isOldEventDay": false,
            "winRate": 57.1,
          },
          {
            "avgDiffCoins": 207,
            "avgGames": 4404,
            "date": "2024-02-03",
            "dayOfWeek": "土",
            "isOldEventDay": false,
            "winRate": 57.1,
          },
          {
            "avgDiffCoins": 364,
            "avgGames": 5321,
            "date": "2024-01-27",
            "dayOfWeek": "土",
            "isOldEventDay": true,
            "winRate": 71.4,
          },
          {
            "avgDiffCoins": -46,
            "avgGames": 4007,
            "date": "2024-01-20",
            "dayOfWeek": "土",
            "isOldEventDay": false,
            "winRate": 42.9,
          },
          {
            "avgDiffCoins": 146,
            "avgGames": 3637,
            "date": "2024-01-13",
            "dayOfWeek": "土",
            "isOldEventDay": false,
            "winRate": 57.1,
          },
          {
            "avgDiffCoins": 97,
            "avgGames": 3705,
            "date": "2024-01-06",
            "dayOfWeek": "土",
            "isOldEventDay": false,
            "winRate": 57.1,
          },
        ],
        "tacticalReason": "店舗全体でベース出率が高め。通常日でも単発高設定に期待。",
        "tags": [
          "スマスロ",
          "主力機(7台)",
        ],
        "totalMachines": 7,
      },
      {
        "allHighDaysCount": 0,
        "avgGames": 5178,
        "compositeScore": 71.8,
        "expectedDiffCoins": 150,
        "matchingAvgDiffCoins": 165,
        "matchingDaysCount": 8,
        "matchingWinRate": 54.7,
        "modelName": "L 戦国乙女4 戦乱に閃く炯眼の軍師",
        "predictedPayoutRate": 100.97,
        "predictedWinRate": 54.2,
        "rank": 3,
        "rankGrade": "S",
        "sampleDays": 60,
        "sampleRecords": [
          {
            "avgDiffCoins": 168,
            "avgGames": 5149,
            "date": "2024-02-24",
            "dayOfWeek": "土",
            "isOldEventDay": false,
            "winRate": 50,
          },
          {
            "avgDiffCoins": 539,
            "avgGames": 6172,
            "date": "2024-02-17",
            "dayOfWeek": "土",
            "isOldEventDay": true,
            "winRate": 75,
          },
          {
            "avgDiffCoins": 151,
            "avgGames": 4943,
            "date": "2024-02-10",
            "dayOfWeek": "土",
            "isOldEventDay": false,
            "winRate": 62.5,
          },
          {
            "avgDiffCoins": 64,
            "avgGames": 4323,
            "date": "2024-02-03",
            "dayOfWeek": "土",
            "isOldEventDay": false,
            "winRate": 50,
          },
          {
            "avgDiffCoins": 384,
            "avgGames": 6147,
            "date": "2024-01-27",
            "dayOfWeek": "土",
            "isOldEventDay": true,
            "winRate": 62.5,
          },
          {
            "avgDiffCoins": -44,
            "avgGames": 5039,
            "date": "2024-01-20",
            "dayOfWeek": "土",
            "isOldEventDay": false,
            "winRate": 37.5,
          },
          {
            "avgDiffCoins": 68,
            "avgGames": 4474,
            "date": "2024-01-13",
            "dayOfWeek": "土",
            "isOldEventDay": false,
            "winRate": 50,
          },
          {
            "avgDiffCoins": -9,
            "avgGames": 5180,
            "date": "2024-01-06",
            "dayOfWeek": "土",
            "isOldEventDay": false,
            "winRate": 50,
          },
        ],
        "tacticalReason": "店舗全体でベース出率が高め。通常日でも単発高設定に期待。",
        "tags": [
          "スマスロ",
          "主力機(8台)",
        ],
        "totalMachines": 8,
      },
      {
        "allHighDaysCount": 0,
        "avgGames": 4363,
        "compositeScore": 71,
        "expectedDiffCoins": 133,
        "matchingAvgDiffCoins": 131,
        "matchingDaysCount": 8,
        "matchingWinRate": 66.7,
        "modelName": "沖ドキ！GOLD",
        "predictedPayoutRate": 101.02,
        "predictedWinRate": 64.5,
        "rank": 4,
        "rankGrade": "S",
        "sampleDays": 60,
        "sampleRecords": [
          {
            "avgDiffCoins": 20,
            "avgGames": 4336,
            "date": "2024-02-24",
            "dayOfWeek": "土",
            "isOldEventDay": false,
            "winRate": 66.7,
          },
          {
            "avgDiffCoins": 380,
            "avgGames": 5762,
            "date": "2024-02-17",
            "dayOfWeek": "土",
            "isOldEventDay": true,
            "winRate": 66.7,
          },
          {
            "avgDiffCoins": 23,
            "avgGames": 3797,
            "date": "2024-02-10",
            "dayOfWeek": "土",
            "isOldEventDay": false,
            "winRate": 66.7,
          },
          {
            "avgDiffCoins": 31,
            "avgGames": 3703,
            "date": "2024-02-03",
            "dayOfWeek": "土",
            "isOldEventDay": false,
            "winRate": 66.7,
          },
          {
            "avgDiffCoins": 542,
            "avgGames": 5074,
            "date": "2024-01-27",
            "dayOfWeek": "土",
            "isOldEventDay": true,
            "winRate": 66.7,
          },
          {
            "avgDiffCoins": 51,
            "avgGames": 4135,
            "date": "2024-01-20",
            "dayOfWeek": "土",
            "isOldEventDay": false,
            "winRate": 66.7,
          },
          {
            "avgDiffCoins": -44,
            "avgGames": 3846,
            "date": "2024-01-13",
            "dayOfWeek": "土",
            "isOldEventDay": false,
            "winRate": 66.7,
          },
          {
            "avgDiffCoins": 44,
            "avgGames": 4250,
            "date": "2024-01-06",
            "dayOfWeek": "土",
            "isOldEventDay": false,
            "winRate": 66.7,
          },
        ],
        "tacticalReason": "店舗全体でベース出率が高め。通常日でも単発高設定に期待。",
        "tags": [
          "少台数(3台)",
        ],
        "totalMachines": 3,
      },
      {
        "allHighDaysCount": 0,
        "avgGames": 6869,
        "compositeScore": 69.6,
        "expectedDiffCoins": 93,
        "matchingAvgDiffCoins": 105,
        "matchingDaysCount": 8,
        "matchingWinRate": 52.5,
        "modelName": "押忍！番長4",
        "predictedPayoutRate": 100.45,
        "predictedWinRate": 52,
        "rank": 5,
        "rankGrade": "A",
        "sampleDays": 60,
        "sampleRecords": [
          {
            "avgDiffCoins": 75,
            "avgGames": 6711,
            "date": "2024-02-24",
            "dayOfWeek": "土",
            "isOldEventDay": false,
            "winRate": 50,
          },
          {
            "avgDiffCoins": 391,
            "avgGames": 8396,
            "date": "2024-02-17",
            "dayOfWeek": "土",
            "isOldEventDay": true,
            "winRate": 60,
          },
          {
            "avgDiffCoins": -99,
            "avgGames": 6863,
            "date": "2024-02-10",
            "dayOfWeek": "土",
            "isOldEventDay": false,
            "winRate": 50,
          },
          {
            "avgDiffCoins": -1,
            "avgGames": 6035,
            "date": "2024-02-03",
            "dayOfWeek": "土",
            "isOldEventDay": false,
            "winRate": 50,
          },
          {
            "avgDiffCoins": 358,
            "avgGames": 7553,
            "date": "2024-01-27",
            "dayOfWeek": "土",
            "isOldEventDay": true,
            "winRate": 70,
          },
          {
            "avgDiffCoins": 95,
            "avgGames": 5970,
            "date": "2024-01-20",
            "dayOfWeek": "土",
            "isOldEventDay": false,
            "winRate": 50,
          },
          {
            "avgDiffCoins": -4,
            "avgGames": 6716,
            "date": "2024-01-13",
            "dayOfWeek": "土",
            "isOldEventDay": false,
            "winRate": 40,
          },
          {
            "avgDiffCoins": 27,
            "avgGames": 6710,
            "date": "2024-01-06",
            "dayOfWeek": "土",
            "isOldEventDay": false,
            "winRate": 50,
          },
        ],
        "tacticalReason": "店舗全体でベース出率が高め。通常日でも単発高設定に期待。",
        "tags": [
          "主力機(10台)",
        ],
        "totalMachines": 10,
      },
      {
        "allHighDaysCount": 0,
        "avgGames": 5846,
        "compositeScore": 68,
        "expectedDiffCoins": 128,
        "matchingAvgDiffCoins": 138,
        "matchingDaysCount": 8,
        "matchingWinRate": 55,
        "modelName": "ファンキージャグラー2",
        "predictedPayoutRate": 100.73,
        "predictedWinRate": 54.8,
        "rank": 6,
        "rankGrade": "S",
        "sampleDays": 60,
        "sampleRecords": [
          {
            "avgDiffCoins": -42,
            "avgGames": 5868,
            "date": "2024-02-24",
            "dayOfWeek": "土",
            "isOldEventDay": false,
            "winRate": 40,
          },
          {
            "avgDiffCoins": 376,
            "avgGames": 7211,
            "date": "2024-02-17",
            "dayOfWeek": "土",
            "isOldEventDay": true,
            "winRate": 60,
          },
          {
            "avgDiffCoins": 107,
            "avgGames": 5470,
            "date": "2024-02-10",
            "dayOfWeek": "土",
            "isOldEventDay": false,
            "winRate": 60,
          },
          {
            "avgDiffCoins": 126,
            "avgGames": 5131,
            "date": "2024-02-03",
            "dayOfWeek": "土",
            "isOldEventDay": false,
            "winRate": 60,
          },
          {
            "avgDiffCoins": 416,
            "avgGames": 6730,
            "date": "2024-01-27",
            "dayOfWeek": "土",
            "isOldEventDay": true,
            "winRate": 60,
          },
          {
            "avgDiffCoins": 113,
            "avgGames": 6012,
            "date": "2024-01-20",
            "dayOfWeek": "土",
            "isOldEventDay": false,
            "winRate": 60,
          },
          {
            "avgDiffCoins": -138,
            "avgGames": 5225,
            "date": "2024-01-13",
            "dayOfWeek": "土",
            "isOldEventDay": false,
            "winRate": 40,
          },
          {
            "avgDiffCoins": 149,
            "avgGames": 5122,
            "date": "2024-01-06",
            "dayOfWeek": "土",
            "isOldEventDay": false,
            "winRate": 60,
          },
        ],
        "tacticalReason": "店舗全体でベース出率が高め。通常日でも単発高設定に期待。",
        "tags": [
          "ジャグラー",
          "主力機(5台)",
        ],
        "totalMachines": 5,
      },
      {
        "allHighDaysCount": 0,
        "avgGames": 6753,
        "compositeScore": 67.7,
        "expectedDiffCoins": 111,
        "matchingAvgDiffCoins": 120,
        "matchingDaysCount": 8,
        "matchingWinRate": 54.2,
        "modelName": "L パチスロ北斗の拳",
        "predictedPayoutRate": 100.55,
        "predictedWinRate": 53.3,
        "rank": 7,
        "rankGrade": "A",
        "sampleDays": 60,
        "sampleRecords": [
          {
            "avgDiffCoins": 127,
            "avgGames": 6149,
            "date": "2024-02-24",
            "dayOfWeek": "土",
            "isOldEventDay": false,
            "winRate": 50,
          },
          {
            "avgDiffCoins": 430,
            "avgGames": 8372,
            "date": "2024-02-17",
            "dayOfWeek": "土",
            "isOldEventDay": true,
            "winRate": 66.7,
          },
          {
            "avgDiffCoins": -10,
            "avgGames": 6887,
            "date": "2024-02-10",
            "dayOfWeek": "土",
            "isOldEventDay": false,
            "winRate": 50,
          },
          {
            "avgDiffCoins": 79,
            "avgGames": 6591,
            "date": "2024-02-03",
            "dayOfWeek": "土",
            "isOldEventDay": false,
            "winRate": 50,
          },
          {
            "avgDiffCoins": 205,
            "avgGames": 7638,
            "date": "2024-01-27",
            "dayOfWeek": "土",
            "isOldEventDay": true,
            "winRate": 66.7,
          },
          {
            "avgDiffCoins": 152,
            "avgGames": 6263,
            "date": "2024-01-20",
            "dayOfWeek": "土",
            "isOldEventDay": false,
            "winRate": 50,
          },
          {
            "avgDiffCoins": -20,
            "avgGames": 5943,
            "date": "2024-01-13",
            "dayOfWeek": "土",
            "isOldEventDay": false,
            "winRate": 50,
          },
          {
            "avgDiffCoins": -3,
            "avgGames": 6184,
            "date": "2024-01-06",
            "dayOfWeek": "土",
            "isOldEventDay": false,
            "winRate": 50,
          },
        ],
        "tacticalReason": "店舗全体でベース出率が高め。通常日でも単発高設定に期待。",
        "tags": [
          "スマスロ",
          "主力機(6台)",
        ],
        "totalMachines": 6,
      },
      {
        "allHighDaysCount": 0,
        "avgGames": 6861,
        "compositeScore": 66.6,
        "expectedDiffCoins": 76,
        "matchingAvgDiffCoins": 84,
        "matchingDaysCount": 8,
        "matchingWinRate": 54.2,
        "modelName": "甲鉄城のカバネリ",
        "predictedPayoutRate": 100.37,
        "predictedWinRate": 53.5,
        "rank": 8,
        "rankGrade": "A",
        "sampleDays": 60,
        "sampleRecords": [
          {
            "avgDiffCoins": -54,
            "avgGames": 6611,
            "date": "2024-02-24",
            "dayOfWeek": "土",
            "isOldEventDay": false,
            "winRate": 50,
          },
          {
            "avgDiffCoins": 418,
            "avgGames": 8118,
            "date": "2024-02-17",
            "dayOfWeek": "土",
            "isOldEventDay": true,
            "winRate": 66.7,
          },
          {
            "avgDiffCoins": 54,
            "avgGames": 6404,
            "date": "2024-02-10",
            "dayOfWeek": "土",
            "isOldEventDay": false,
            "winRate": 50,
          },
          {
            "avgDiffCoins": -54,
            "avgGames": 6056,
            "date": "2024-02-03",
            "dayOfWeek": "土",
            "isOldEventDay": false,
            "winRate": 50,
          },
          {
            "avgDiffCoins": 360,
            "avgGames": 7518,
            "date": "2024-01-27",
            "dayOfWeek": "土",
            "isOldEventDay": true,
            "winRate": 66.7,
          },
          {
            "avgDiffCoins": -4,
            "avgGames": 6805,
            "date": "2024-01-20",
            "dayOfWeek": "土",
            "isOldEventDay": false,
            "winRate": 50,
          },
          {
            "avgDiffCoins": 42,
            "avgGames": 6840,
            "date": "2024-01-13",
            "dayOfWeek": "土",
            "isOldEventDay": false,
            "winRate": 50,
          },
          {
            "avgDiffCoins": -91,
            "avgGames": 6532,
            "date": "2024-01-06",
            "dayOfWeek": "土",
            "isOldEventDay": false,
            "winRate": 50,
          },
        ],
        "tacticalReason": "店舗全体でベース出率が高め。通常日でも単発高設定に期待。",
        "tags": [
          "主力機(6台)",
        ],
        "totalMachines": 6,
      },
      {
        "allHighDaysCount": 0,
        "avgGames": 4097,
        "compositeScore": 66,
        "expectedDiffCoins": 76,
        "matchingAvgDiffCoins": 90,
        "matchingDaysCount": 8,
        "matchingWinRate": 51.8,
        "modelName": "L ガールズ＆パンツァー 最終章",
        "predictedPayoutRate": 100.62,
        "predictedWinRate": 51.2,
        "rank": 9,
        "rankGrade": "A",
        "sampleDays": 60,
        "sampleRecords": [
          {
            "avgDiffCoins": 35,
            "avgGames": 3748,
            "date": "2024-02-24",
            "dayOfWeek": "土",
            "isOldEventDay": false,
            "winRate": 42.9,
          },
          {
            "avgDiffCoins": 326,
            "avgGames": 5446,
            "date": "2024-02-17",
            "dayOfWeek": "土",
            "isOldEventDay": true,
            "winRate": 57.1,
          },
          {
            "avgDiffCoins": 58,
            "avgGames": 3600,
            "date": "2024-02-10",
            "dayOfWeek": "土",
            "isOldEventDay": false,
            "winRate": 57.1,
          },
          {
            "avgDiffCoins": -7,
            "avgGames": 3585,
            "date": "2024-02-03",
            "dayOfWeek": "土",
            "isOldEventDay": false,
            "winRate": 42.9,
          },
          {
            "avgDiffCoins": 202,
            "avgGames": 5304,
            "date": "2024-01-27",
            "dayOfWeek": "土",
            "isOldEventDay": true,
            "winRate": 57.1,
          },
          {
            "avgDiffCoins": 23,
            "avgGames": 3542,
            "date": "2024-01-20",
            "dayOfWeek": "土",
            "isOldEventDay": false,
            "winRate": 42.9,
          },
          {
            "avgDiffCoins": -31,
            "avgGames": 3662,
            "date": "2024-01-13",
            "dayOfWeek": "土",
            "isOldEventDay": false,
            "winRate": 57.1,
          },
          {
            "avgDiffCoins": 115,
            "avgGames": 3887,
            "date": "2024-01-06",
            "dayOfWeek": "土",
            "isOldEventDay": false,
            "winRate": 57.1,
          },
        ],
        "tacticalReason": "店舗全体でベース出率が高め。通常日でも単発高設定に期待。",
        "tags": [
          "スマスロ",
          "主力機(7台)",
        ],
        "totalMachines": 7,
      },
      {
        "allHighDaysCount": 0,
        "avgGames": 5817,
        "compositeScore": 65.7,
        "expectedDiffCoins": 52,
        "matchingAvgDiffCoins": 63,
        "matchingDaysCount": 8,
        "matchingWinRate": 50,
        "modelName": "L モンキーターンV",
        "predictedPayoutRate": 100.3,
        "predictedWinRate": 49.7,
        "rank": 10,
        "rankGrade": "A",
        "sampleDays": 60,
        "sampleRecords": [
          {
            "avgDiffCoins": -146,
            "avgGames": 5203,
            "date": "2024-02-24",
            "dayOfWeek": "土",
            "isOldEventDay": false,
            "winRate": 33.3,
          },
          {
            "avgDiffCoins": 362,
            "avgGames": 6700,
            "date": "2024-02-17",
            "dayOfWeek": "土",
            "isOldEventDay": true,
            "winRate": 55.6,
          },
          {
            "avgDiffCoins": 105,
            "avgGames": 5155,
            "date": "2024-02-10",
            "dayOfWeek": "土",
            "isOldEventDay": false,
            "winRate": 55.6,
          },
          {
            "avgDiffCoins": -115,
            "avgGames": 5182,
            "date": "2024-02-03",
            "dayOfWeek": "土",
            "isOldEventDay": false,
            "winRate": 44.4,
          },
          {
            "avgDiffCoins": 275,
            "avgGames": 6732,
            "date": "2024-01-27",
            "dayOfWeek": "土",
            "isOldEventDay": true,
            "winRate": 66.7,
          },
          {
            "avgDiffCoins": 33,
            "avgGames": 6078,
            "date": "2024-01-20",
            "dayOfWeek": "土",
            "isOldEventDay": false,
            "winRate": 44.4,
          },
          {
            "avgDiffCoins": -82,
            "avgGames": 5450,
            "date": "2024-01-13",
            "dayOfWeek": "土",
            "isOldEventDay": false,
            "winRate": 44.4,
          },
          {
            "avgDiffCoins": 74,
            "avgGames": 6035,
            "date": "2024-01-06",
            "dayOfWeek": "土",
            "isOldEventDay": false,
            "winRate": 55.6,
          },
        ],
        "tacticalReason": "店舗全体でベース出率が高め。通常日でも単発高設定に期待。",
        "tags": [
          "スマスロ",
          "主力機(9台)",
        ],
        "totalMachines": 9,
      },
      {
        "allHighDaysCount": 0,
        "avgGames": 5258,
        "compositeScore": 64,
        "expectedDiffCoins": 145,
        "matchingAvgDiffCoins": 151,
        "matchingDaysCount": 8,
        "matchingWinRate": 50,
        "modelName": "L バジリスク〜甲賀忍法帖〜絆2 天膳",
        "predictedPayoutRate": 100.92,
        "predictedWinRate": 50.4,
        "rank": 11,
        "rankGrade": "A",
        "sampleDays": 60,
        "sampleRecords": [
          {
            "avgDiffCoins": -13,
            "avgGames": 4840,
            "date": "2024-02-24",
            "dayOfWeek": "土",
            "isOldEventDay": false,
            "winRate": 50,
          },
          {
            "avgDiffCoins": 195,
            "avgGames": 6008,
            "date": "2024-02-17",
            "dayOfWeek": "土",
            "isOldEventDay": true,
            "winRate": 50,
          },
          {
            "avgDiffCoins": 196,
            "avgGames": 4784,
            "date": "2024-02-10",
            "dayOfWeek": "土",
            "isOldEventDay": false,
            "winRate": 50,
          },
          {
            "avgDiffCoins": 118,
            "avgGames": 4484,
            "date": "2024-02-03",
            "dayOfWeek": "土",
            "isOldEventDay": false,
            "winRate": 50,
          },
          {
            "avgDiffCoins": 213,
            "avgGames": 6794,
            "date": "2024-01-27",
            "dayOfWeek": "土",
            "isOldEventDay": true,
            "winRate": 50,
          },
          {
            "avgDiffCoins": 164,
            "avgGames": 5048,
            "date": "2024-01-20",
            "dayOfWeek": "土",
            "isOldEventDay": false,
            "winRate": 50,
          },
          {
            "avgDiffCoins": 194,
            "avgGames": 5253,
            "date": "2024-01-13",
            "dayOfWeek": "土",
            "isOldEventDay": false,
            "winRate": 50,
          },
          {
            "avgDiffCoins": 142,
            "avgGames": 4854,
            "date": "2024-01-06",
            "dayOfWeek": "土",
            "isOldEventDay": false,
            "winRate": 50,
          },
        ],
        "tacticalReason": "店舗全体でベース出率が高め。通常日でも単発高設定に期待。",
        "tags": [
          "スマスロ",
          "少台数(4台)",
        ],
        "totalMachines": 4,
      },
      {
        "allHighDaysCount": 0,
        "avgGames": 5105,
        "compositeScore": 63.7,
        "expectedDiffCoins": 19,
        "matchingAvgDiffCoins": 29,
        "matchingDaysCount": 8,
        "matchingWinRate": 50,
        "modelName": "L 革命機ヴァルヴレイヴ",
        "predictedPayoutRate": 100.12,
        "predictedWinRate": 49.6,
        "rank": 12,
        "rankGrade": "A",
        "sampleDays": 60,
        "sampleRecords": [
          {
            "avgDiffCoins": -133,
            "avgGames": 4445,
            "date": "2024-02-24",
            "dayOfWeek": "土",
            "isOldEventDay": false,
            "winRate": 37.5,
          },
          {
            "avgDiffCoins": 441,
            "avgGames": 6321,
            "date": "2024-02-17",
            "dayOfWeek": "土",
            "isOldEventDay": true,
            "winRate": 75,
          },
          {
            "avgDiffCoins": -196,
            "avgGames": 4329,
            "date": "2024-02-10",
            "dayOfWeek": "土",
            "isOldEventDay": false,
            "winRate": 37.5,
          },
          {
            "avgDiffCoins": 70,
            "avgGames": 4639,
            "date": "2024-02-03",
            "dayOfWeek": "土",
            "isOldEventDay": false,
            "winRate": 50,
          },
          {
            "avgDiffCoins": 289,
            "avgGames": 6693,
            "date": "2024-01-27",
            "dayOfWeek": "土",
            "isOldEventDay": true,
            "winRate": 62.5,
          },
          {
            "avgDiffCoins": -141,
            "avgGames": 5269,
            "date": "2024-01-20",
            "dayOfWeek": "土",
            "isOldEventDay": false,
            "winRate": 50,
          },
          {
            "avgDiffCoins": -159,
            "avgGames": 4579,
            "date": "2024-01-13",
            "dayOfWeek": "土",
            "isOldEventDay": false,
            "winRate": 37.5,
          },
          {
            "avgDiffCoins": 62,
            "avgGames": 4566,
            "date": "2024-01-06",
            "dayOfWeek": "土",
            "isOldEventDay": false,
            "winRate": 50,
          },
        ],
        "tacticalReason": "店舗全体でベース出率が高め。通常日でも単発高設定に期待。",
        "tags": [
          "スマスロ",
          "主力機(8台)",
        ],
        "totalMachines": 8,
      },
      {
        "allHighDaysCount": 0,
        "avgGames": 5290,
        "compositeScore": 61.8,
        "expectedDiffCoins": 85,
        "matchingAvgDiffCoins": 104,
        "matchingDaysCount": 8,
        "matchingWinRate": 50,
        "modelName": "アイムジャグラーEX",
        "predictedPayoutRate": 100.54,
        "predictedWinRate": 50.1,
        "rank": 13,
        "rankGrade": "A",
        "sampleDays": 60,
        "sampleRecords": [
          {
            "avgDiffCoins": 90,
            "avgGames": 4663,
            "date": "2024-02-24",
            "dayOfWeek": "土",
            "isOldEventDay": false,
            "winRate": 50,
          },
          {
            "avgDiffCoins": 400,
            "avgGames": 5998,
            "date": "2024-02-17",
            "dayOfWeek": "土",
            "isOldEventDay": true,
            "winRate": 50,
          },
          {
            "avgDiffCoins": -5,
            "avgGames": 5016,
            "date": "2024-02-10",
            "dayOfWeek": "土",
            "isOldEventDay": false,
            "winRate": 50,
          },
          {
            "avgDiffCoins": 21,
            "avgGames": 4932,
            "date": "2024-02-03",
            "dayOfWeek": "土",
            "isOldEventDay": false,
            "winRate": 50,
          },
          {
            "avgDiffCoins": 246,
            "avgGames": 6794,
            "date": "2024-01-27",
            "dayOfWeek": "土",
            "isOldEventDay": true,
            "winRate": 50,
          },
          {
            "avgDiffCoins": 36,
            "avgGames": 5264,
            "date": "2024-01-20",
            "dayOfWeek": "土",
            "isOldEventDay": false,
            "winRate": 50,
          },
          {
            "avgDiffCoins": 29,
            "avgGames": 4682,
            "date": "2024-01-13",
            "dayOfWeek": "土",
            "isOldEventDay": false,
            "winRate": 50,
          },
          {
            "avgDiffCoins": 18,
            "avgGames": 4968,
            "date": "2024-01-06",
            "dayOfWeek": "土",
            "isOldEventDay": false,
            "winRate": 50,
          },
        ],
        "tacticalReason": "店舗全体でベース出率が高め。通常日でも単発高設定に期待。",
        "tags": [
          "ジャグラー",
          "少台数(4台)",
        ],
        "totalMachines": 4,
      },
      {
        "allHighDaysCount": 0,
        "avgGames": 6068,
        "compositeScore": 61.7,
        "expectedDiffCoins": 18,
        "matchingAvgDiffCoins": 24,
        "matchingDaysCount": 8,
        "matchingWinRate": 52.5,
        "modelName": "新ハナビ",
        "predictedPayoutRate": 100.1,
        "predictedWinRate": 51.1,
        "rank": 14,
        "rankGrade": "A",
        "sampleDays": 60,
        "sampleRecords": [
          {
            "avgDiffCoins": -187,
            "avgGames": 5546,
            "date": "2024-02-24",
            "dayOfWeek": "土",
            "isOldEventDay": false,
            "winRate": 40,
          },
          {
            "avgDiffCoins": 319,
            "avgGames": 6816,
            "date": "2024-02-17",
            "dayOfWeek": "土",
            "isOldEventDay": true,
            "winRate": 60,
          },
          {
            "avgDiffCoins": -188,
            "avgGames": 5502,
            "date": "2024-02-10",
            "dayOfWeek": "土",
            "isOldEventDay": false,
            "winRate": 40,
          },
          {
            "avgDiffCoins": 39,
            "avgGames": 5581,
            "date": "2024-02-03",
            "dayOfWeek": "土",
            "isOldEventDay": false,
            "winRate": 60,
          },
          {
            "avgDiffCoins": 238,
            "avgGames": 7349,
            "date": "2024-01-27",
            "dayOfWeek": "土",
            "isOldEventDay": true,
            "winRate": 60,
          },
          {
            "avgDiffCoins": 74,
            "avgGames": 5904,
            "date": "2024-01-20",
            "dayOfWeek": "土",
            "isOldEventDay": false,
            "winRate": 60,
          },
          {
            "avgDiffCoins": -172,
            "avgGames": 5761,
            "date": "2024-01-13",
            "dayOfWeek": "土",
            "isOldEventDay": false,
            "winRate": 40,
          },
          {
            "avgDiffCoins": 66,
            "avgGames": 6084,
            "date": "2024-01-06",
            "dayOfWeek": "土",
            "isOldEventDay": false,
            "winRate": 60,
          },
        ],
        "tacticalReason": "店舗全体でベース出率が高め。通常日でも単発高設定に期待。",
        "tags": [
          "Aタイプ",
          "主力機(5台)",
        ],
        "totalMachines": 5,
      },
      {
        "allHighDaysCount": 0,
        "avgGames": 4328,
        "compositeScore": 49.9,
        "expectedDiffCoins": -49,
        "matchingAvgDiffCoins": -48,
        "matchingDaysCount": 8,
        "matchingWinRate": 41.7,
        "modelName": "マイジャグラーV",
        "predictedPayoutRate": 99.62,
        "predictedWinRate": 41.6,
        "rank": 15,
        "rankGrade": "B",
        "sampleDays": 60,
        "sampleRecords": [
          {
            "avgDiffCoins": -145,
            "avgGames": 4299,
            "date": "2024-02-24",
            "dayOfWeek": "土",
            "isOldEventDay": false,
            "winRate": 33.3,
          },
          {
            "avgDiffCoins": 246,
            "avgGames": 5614,
            "date": "2024-02-17",
            "dayOfWeek": "土",
            "isOldEventDay": true,
            "winRate": 66.7,
          },
          {
            "avgDiffCoins": 0,
            "avgGames": 4095,
            "date": "2024-02-10",
            "dayOfWeek": "土",
            "isOldEventDay": false,
            "winRate": 33.3,
          },
          {
            "avgDiffCoins": -170,
            "avgGames": 3940,
            "date": "2024-02-03",
            "dayOfWeek": "土",
            "isOldEventDay": false,
            "winRate": 33.3,
          },
          {
            "avgDiffCoins": 117,
            "avgGames": 5321,
            "date": "2024-01-27",
            "dayOfWeek": "土",
            "isOldEventDay": true,
            "winRate": 66.7,
          },
          {
            "avgDiffCoins": -138,
            "avgGames": 4123,
            "date": "2024-01-20",
            "dayOfWeek": "土",
            "isOldEventDay": false,
            "winRate": 33.3,
          },
          {
            "avgDiffCoins": -101,
            "avgGames": 3673,
            "date": "2024-01-13",
            "dayOfWeek": "土",
            "isOldEventDay": false,
            "winRate": 33.3,
          },
          {
            "avgDiffCoins": -195,
            "avgGames": 3560,
            "date": "2024-01-06",
            "dayOfWeek": "土",
            "isOldEventDay": false,
            "winRate": 33.3,
          },
        ],
        "tacticalReason": "通常営業配分。積極的な朝イチ確保は見送り推奨。",
        "tags": [
          "ジャグラー",
          "少台数(3台)",
        ],
        "totalMachines": 3,
      },
    ],
    "specialDayLabel": "通常営業日",
    "tacticalAdvice": {
      "morningPriority": "【本命最優先】キングハナハナ-30 の確保を最優先に狙う。特に 末尾 7 と重複する台番は激アツ期待度大。",
      "secondOption": "【対抗候補】抽選番号が振るわない場合は L からくりサーカス または 末尾 4 の主力台番へシフト。",
      "summary": "2024-03-02（土曜）は通常営業日の配分想定。ピンポイントでの単品高設定投入を狙う慎重な立ち回りが有効です。",
      "tailStrategy": "通常営業日のため、全体末尾の過信は禁物。機種単体の過去勝率を最重要視した立ち回りを推奨。",
    },
    "tailRankings": [
      {
        "expectedDiffCoins": 72.3,
        "isDateTailMatch": false,
        "rank": 1,
        "recommendationLevel": "対抗",
        "sampleDays": 8,
        "tailName": "末尾 7",
        "tailNum": 7,
        "winRate": 50,
      },
      {
        "expectedDiffCoins": 70.4,
        "isDateTailMatch": false,
        "rank": 2,
        "recommendationLevel": "対抗",
        "sampleDays": 8,
        "tailName": "末尾 4",
        "tailNum": 4,
        "winRate": 50,
      },
      {
        "expectedDiffCoins": 1.5,
        "isDateTailMatch": true,
        "rank": 3,
        "recommendationLevel": "対抗",
        "sampleDays": 8,
        "tailName": "末尾 2",
        "tailNum": 2,
        "winRate": 50,
      },
      {
        "expectedDiffCoins": 37.6,
        "isDateTailMatch": false,
        "rank": 4,
        "recommendationLevel": "対抗",
        "sampleDays": 8,
        "tailName": "末尾 9",
        "tailNum": 9,
        "winRate": 50,
      },
      {
        "expectedDiffCoins": 35.3,
        "isDateTailMatch": false,
        "rank": 5,
        "recommendationLevel": "対抗",
        "sampleDays": 8,
        "tailName": "末尾 6",
        "tailNum": 6,
        "winRate": 50,
      },
      {
        "expectedDiffCoins": 17.1,
        "isDateTailMatch": false,
        "rank": 6,
        "recommendationLevel": "対抗",
        "sampleDays": 8,
        "tailName": "末尾 0",
        "tailNum": 0,
        "winRate": 50,
      },
      {
        "expectedDiffCoins": 15.5,
        "isDateTailMatch": false,
        "rank": 7,
        "recommendationLevel": "対抗",
        "sampleDays": 8,
        "tailName": "末尾 5",
        "tailNum": 5,
        "winRate": 50,
      },
      {
        "expectedDiffCoins": 15.5,
        "isDateTailMatch": false,
        "rank": 8,
        "recommendationLevel": "対抗",
        "sampleDays": 8,
        "tailName": "末尾 8",
        "tailNum": 8,
        "winRate": 50,
      },
      {
        "expectedDiffCoins": 0,
        "isDateTailMatch": false,
        "rank": 9,
        "recommendationLevel": "通常",
        "sampleDays": 0,
        "tailName": "末尾 ゾロ目",
        "tailNum": null,
        "winRate": 48,
      },
      {
        "expectedDiffCoins": -49.9,
        "isDateTailMatch": false,
        "rank": 10,
        "recommendationLevel": "通常",
        "sampleDays": 8,
        "tailName": "末尾 3",
        "tailNum": 3,
        "winRate": 50,
      },
      {
        "expectedDiffCoins": -65.6,
        "isDateTailMatch": false,
        "rank": 11,
        "recommendationLevel": "通常",
        "sampleDays": 8,
        "tailName": "末尾 1",
        "tailNum": 1,
        "winRate": 50,
      },
    ],
    "targetDate": "2024-03-02",
  },
  "specialForecast": {
    "dayOfWeek": "木",
    "dayTail": 7,
    "expectedHallAvgDiffCoins": 397,
    "expectedHallPayoutRate": 101.99,
    "expectedHallStatus": "激アツ還元",
    "expectedHallWinRate": 100,
    "isHoliday": false,
    "isSpecialDay": true,
    "matchingHistoricalDaysCount": 2,
    "modelRankings": [
      {
        "allHighDaysCount": 0,
        "avgGames": 7138,
        "compositeScore": 65.4,
        "expectedDiffCoins": 392,
        "matchingAvgDiffCoins": 624,
        "matchingDaysCount": 2,
        "matchingWinRate": 72.3,
        "modelName": "キングハナハナ-30",
        "predictedPayoutRate": 101.83,
        "predictedWinRate": 63.8,
        "rank": 1,
        "rankGrade": "A",
        "sampleDays": 60,
        "sampleRecords": [
          {
            "avgDiffCoins": 639,
            "avgGames": 7023,
            "date": "2024-02-22",
            "dayOfWeek": "木",
            "isOldEventDay": true,
            "winRate": 77.8,
          },
          {
            "avgDiffCoins": 609,
            "avgGames": 7253,
            "date": "2024-01-11",
            "dayOfWeek": "木",
            "isOldEventDay": true,
            "winRate": 66.7,
          },
        ],
        "tacticalReason": "特日実績抜群（過去平均+624枚/勝率72.3%）。看板機種として優先度最高。",
        "tags": [
          "Aタイプ",
          "主力機(9台)",
        ],
        "totalMachines": 9,
      },
      {
        "allHighDaysCount": 0,
        "avgGames": 5562,
        "compositeScore": 60.8,
        "expectedDiffCoins": 297,
        "matchingAvgDiffCoins": 448,
        "matchingDaysCount": 2,
        "matchingWinRate": 71.4,
        "modelName": "L からくりサーカス",
        "predictedPayoutRate": 101.78,
        "predictedWinRate": 62.9,
        "rank": 2,
        "rankGrade": "A",
        "sampleDays": 60,
        "sampleRecords": [
          {
            "avgDiffCoins": 480,
            "avgGames": 5527,
            "date": "2024-02-22",
            "dayOfWeek": "木",
            "isOldEventDay": true,
            "winRate": 71.4,
          },
          {
            "avgDiffCoins": 416,
            "avgGames": 5596,
            "date": "2024-01-11",
            "dayOfWeek": "木",
            "isOldEventDay": true,
            "winRate": 71.4,
          },
        ],
        "tacticalReason": "同種特日での安定勝率71.4%。大崩れしにくく堅実な立ち回りに最適。",
        "tags": [
          "スマスロ",
          "主力機(7台)",
        ],
        "totalMachines": 7,
      },
      {
        "allHighDaysCount": 0,
        "avgGames": 6261,
        "compositeScore": 60.5,
        "expectedDiffCoins": 300,
        "matchingAvgDiffCoins": 494,
        "matchingDaysCount": 2,
        "matchingWinRate": 68.8,
        "modelName": "L 戦国乙女4 戦乱に閃く炯眼の軍師",
        "predictedPayoutRate": 101.6,
        "predictedWinRate": 60.7,
        "rank": 3,
        "rankGrade": "A",
        "sampleDays": 60,
        "sampleRecords": [
          {
            "avgDiffCoins": 493,
            "avgGames": 6376,
            "date": "2024-02-22",
            "dayOfWeek": "木",
            "isOldEventDay": true,
            "winRate": 75,
          },
          {
            "avgDiffCoins": 494,
            "avgGames": 6146,
            "date": "2024-01-11",
            "dayOfWeek": "木",
            "isOldEventDay": true,
            "winRate": 62.5,
          },
        ],
        "tacticalReason": "同種特日での安定勝率68.8%。大崩れしにくく堅実な立ち回りに最適。",
        "tags": [
          "スマスロ",
          "主力機(8台)",
        ],
        "totalMachines": 8,
      },
      {
        "allHighDaysCount": 0,
        "avgGames": 6981,
        "compositeScore": 58.9,
        "expectedDiffCoins": 323,
        "matchingAvgDiffCoins": 548,
        "matchingDaysCount": 2,
        "matchingWinRate": 70,
        "modelName": "ファンキージャグラー2",
        "predictedPayoutRate": 101.54,
        "predictedWinRate": 62,
        "rank": 4,
        "rankGrade": "A",
        "sampleDays": 60,
        "sampleRecords": [
          {
            "avgDiffCoins": 490,
            "avgGames": 7188,
            "date": "2024-02-22",
            "dayOfWeek": "木",
            "isOldEventDay": true,
            "winRate": 60,
          },
          {
            "avgDiffCoins": 605,
            "avgGames": 6773,
            "date": "2024-01-11",
            "dayOfWeek": "木",
            "isOldEventDay": true,
            "winRate": 80,
          },
        ],
        "tacticalReason": "特日実績抜群（過去平均+548枚/勝率70%）。看板機種として優先度最高。",
        "tags": [
          "ジャグラー",
          "主力機(5台)",
        ],
        "totalMachines": 5,
      },
      {
        "allHighDaysCount": 0,
        "avgGames": 8076,
        "compositeScore": 58,
        "expectedDiffCoins": 216,
        "matchingAvgDiffCoins": 377,
        "matchingDaysCount": 2,
        "matchingWinRate": 65,
        "modelName": "押忍！番長4",
        "predictedPayoutRate": 100.89,
        "predictedWinRate": 57.8,
        "rank": 5,
        "rankGrade": "A",
        "sampleDays": 60,
        "sampleRecords": [
          {
            "avgDiffCoins": 336,
            "avgGames": 8184,
            "date": "2024-02-22",
            "dayOfWeek": "木",
            "isOldEventDay": true,
            "winRate": 60,
          },
          {
            "avgDiffCoins": 418,
            "avgGames": 7967,
            "date": "2024-01-11",
            "dayOfWeek": "木",
            "isOldEventDay": true,
            "winRate": 70,
          },
        ],
        "tacticalReason": "同種特日での安定勝率65%。大崩れしにくく堅実な立ち回りに最適。",
        "tags": [
          "主力機(10台)",
        ],
        "totalMachines": 10,
      },
      {
        "allHighDaysCount": 0,
        "avgGames": 7695,
        "compositeScore": 56.3,
        "expectedDiffCoins": 235,
        "matchingAvgDiffCoins": 418,
        "matchingDaysCount": 2,
        "matchingWinRate": 66.7,
        "modelName": "甲鉄城のカバネリ",
        "predictedPayoutRate": 101.02,
        "predictedWinRate": 59.1,
        "rank": 6,
        "rankGrade": "A",
        "sampleDays": 60,
        "sampleRecords": [
          {
            "avgDiffCoins": 413,
            "avgGames": 7932,
            "date": "2024-02-22",
            "dayOfWeek": "木",
            "isOldEventDay": true,
            "winRate": 66.7,
          },
          {
            "avgDiffCoins": 423,
            "avgGames": 7457,
            "date": "2024-01-11",
            "dayOfWeek": "木",
            "isOldEventDay": true,
            "winRate": 66.7,
          },
        ],
        "tacticalReason": "同種特日での安定勝率66.7%。大崩れしにくく堅実な立ち回りに最適。",
        "tags": [
          "主力機(6台)",
        ],
        "totalMachines": 6,
      },
      {
        "allHighDaysCount": 0,
        "avgGames": 5605,
        "compositeScore": 56,
        "expectedDiffCoins": 330,
        "matchingAvgDiffCoins": 522,
        "matchingDaysCount": 2,
        "matchingWinRate": 66.7,
        "modelName": "沖ドキ！GOLD",
        "predictedPayoutRate": 101.96,
        "predictedWinRate": 62.3,
        "rank": 7,
        "rankGrade": "A",
        "sampleDays": 60,
        "sampleRecords": [
          {
            "avgDiffCoins": 509,
            "avgGames": 5313,
            "date": "2024-02-22",
            "dayOfWeek": "木",
            "isOldEventDay": true,
            "winRate": 66.7,
          },
          {
            "avgDiffCoins": 535,
            "avgGames": 5896,
            "date": "2024-01-11",
            "dayOfWeek": "木",
            "isOldEventDay": true,
            "winRate": 66.7,
          },
        ],
        "tacticalReason": "特日実績抜群（過去平均+522枚/勝率66.7%）。看板機種として優先度最高。",
        "tags": [
          "少台数(3台)",
        ],
        "totalMachines": 3,
      },
      {
        "allHighDaysCount": 0,
        "avgGames": 6758,
        "compositeScore": 55.1,
        "expectedDiffCoins": 186,
        "matchingAvgDiffCoins": 351,
        "matchingDaysCount": 2,
        "matchingWinRate": 61.2,
        "modelName": "L モンキーターンV",
        "predictedPayoutRate": 100.92,
        "predictedWinRate": 55.1,
        "rank": 8,
        "rankGrade": "B",
        "sampleDays": 60,
        "sampleRecords": [
          {
            "avgDiffCoins": 342,
            "avgGames": 6734,
            "date": "2024-02-22",
            "dayOfWeek": "木",
            "isOldEventDay": true,
            "winRate": 55.6,
          },
          {
            "avgDiffCoins": 359,
            "avgGames": 6781,
            "date": "2024-01-11",
            "dayOfWeek": "木",
            "isOldEventDay": true,
            "winRate": 66.7,
          },
        ],
        "tacticalReason": "同種特日での安定勝率61.2%。大崩れしにくく堅実な立ち回りに最適。",
        "tags": [
          "スマスロ",
          "主力機(9台)",
        ],
        "totalMachines": 9,
      },
      {
        "allHighDaysCount": 0,
        "avgGames": 6228,
        "compositeScore": 54.2,
        "expectedDiffCoins": 169,
        "matchingAvgDiffCoins": 349,
        "matchingDaysCount": 2,
        "matchingWinRate": 62.5,
        "modelName": "L 革命機ヴァルヴレイヴ",
        "predictedPayoutRate": 100.9,
        "predictedWinRate": 55.4,
        "rank": 9,
        "rankGrade": "B",
        "sampleDays": 60,
        "sampleRecords": [
          {
            "avgDiffCoins": 354,
            "avgGames": 6067,
            "date": "2024-02-22",
            "dayOfWeek": "木",
            "isOldEventDay": true,
            "winRate": 62.5,
          },
          {
            "avgDiffCoins": 344,
            "avgGames": 6389,
            "date": "2024-01-11",
            "dayOfWeek": "木",
            "isOldEventDay": true,
            "winRate": 62.5,
          },
        ],
        "tacticalReason": "同種特日での安定勝率62.5%。大崩れしにくく堅実な立ち回りに最適。",
        "tags": [
          "スマスロ",
          "主力機(8台)",
        ],
        "totalMachines": 8,
      },
      {
        "allHighDaysCount": 0,
        "avgGames": 5082,
        "compositeScore": 52.1,
        "expectedDiffCoins": 164,
        "matchingAvgDiffCoins": 293,
        "matchingDaysCount": 2,
        "matchingWinRate": 57.1,
        "modelName": "L ガールズ＆パンツァー 最終章",
        "predictedPayoutRate": 101.08,
        "predictedWinRate": 53.2,
        "rank": 10,
        "rankGrade": "B",
        "sampleDays": 60,
        "sampleRecords": [
          {
            "avgDiffCoins": 289,
            "avgGames": 5162,
            "date": "2024-02-22",
            "dayOfWeek": "木",
            "isOldEventDay": true,
            "winRate": 57.1,
          },
          {
            "avgDiffCoins": 296,
            "avgGames": 5002,
            "date": "2024-01-11",
            "dayOfWeek": "木",
            "isOldEventDay": true,
            "winRate": 57.1,
          },
        ],
        "tacticalReason": "特日平均差枚プラス圏。安定して高設定が配分される傾向あり。",
        "tags": [
          "スマスロ",
          "主力機(7台)",
        ],
        "totalMachines": 7,
      },
      {
        "allHighDaysCount": 0,
        "avgGames": 5990,
        "compositeScore": 51.6,
        "expectedDiffCoins": 184,
        "matchingAvgDiffCoins": 239,
        "matchingDaysCount": 2,
        "matchingWinRate": 62.5,
        "modelName": "L バジリスク〜甲賀忍法帖〜絆2 天膳",
        "predictedPayoutRate": 101.02,
        "predictedWinRate": 57.1,
        "rank": 11,
        "rankGrade": "B",
        "sampleDays": 60,
        "sampleRecords": [
          {
            "avgDiffCoins": 291,
            "avgGames": 6119,
            "date": "2024-02-22",
            "dayOfWeek": "木",
            "isOldEventDay": true,
            "winRate": 75,
          },
          {
            "avgDiffCoins": 186,
            "avgGames": 5860,
            "date": "2024-01-11",
            "dayOfWeek": "木",
            "isOldEventDay": true,
            "winRate": 50,
          },
        ],
        "tacticalReason": "同種特日での安定勝率62.5%。大崩れしにくく堅実な立ち回りに最適。",
        "tags": [
          "スマスロ",
          "少台数(4台)",
        ],
        "totalMachines": 4,
      },
      {
        "allHighDaysCount": 0,
        "avgGames": 6664,
        "compositeScore": 51.5,
        "expectedDiffCoins": 204,
        "matchingAvgDiffCoins": 406,
        "matchingDaysCount": 2,
        "matchingWinRate": 60,
        "modelName": "新ハナビ",
        "predictedPayoutRate": 101.02,
        "predictedWinRate": 53.5,
        "rank": 12,
        "rankGrade": "B",
        "sampleDays": 60,
        "sampleRecords": [
          {
            "avgDiffCoins": 412,
            "avgGames": 6727,
            "date": "2024-02-22",
            "dayOfWeek": "木",
            "isOldEventDay": true,
            "winRate": 60,
          },
          {
            "avgDiffCoins": 399,
            "avgGames": 6600,
            "date": "2024-01-11",
            "dayOfWeek": "木",
            "isOldEventDay": true,
            "winRate": 60,
          },
        ],
        "tacticalReason": "同種特日での安定勝率60%。大崩れしにくく堅実な立ち回りに最適。",
        "tags": [
          "Aタイプ",
          "主力機(5台)",
        ],
        "totalMachines": 5,
      },
      {
        "allHighDaysCount": 0,
        "avgGames": 7834,
        "compositeScore": 49.4,
        "expectedDiffCoins": 148,
        "matchingAvgDiffCoins": 212,
        "matchingDaysCount": 2,
        "matchingWinRate": 50,
        "modelName": "L パチスロ北斗の拳",
        "predictedPayoutRate": 100.63,
        "predictedWinRate": 50.3,
        "rank": 13,
        "rankGrade": "B",
        "sampleDays": 60,
        "sampleRecords": [
          {
            "avgDiffCoins": 256,
            "avgGames": 7623,
            "date": "2024-02-22",
            "dayOfWeek": "木",
            "isOldEventDay": true,
            "winRate": 50,
          },
          {
            "avgDiffCoins": 168,
            "avgGames": 8044,
            "date": "2024-01-11",
            "dayOfWeek": "木",
            "isOldEventDay": true,
            "winRate": 50,
          },
        ],
        "tacticalReason": "特日平均差枚プラス圏。安定して高設定が配分される傾向あり。",
        "tags": [
          "スマスロ",
          "主力機(6台)",
        ],
        "totalMachines": 6,
      },
      {
        "allHighDaysCount": 0,
        "avgGames": 6219,
        "compositeScore": 47.3,
        "expectedDiffCoins": 150,
        "matchingAvgDiffCoins": 273,
        "matchingDaysCount": 2,
        "matchingWinRate": 50,
        "modelName": "アイムジャグラーEX",
        "predictedPayoutRate": 100.8,
        "predictedWinRate": 50.2,
        "rank": 14,
        "rankGrade": "B",
        "sampleDays": 60,
        "sampleRecords": [
          {
            "avgDiffCoins": 284,
            "avgGames": 6172,
            "date": "2024-02-22",
            "dayOfWeek": "木",
            "isOldEventDay": true,
            "winRate": 50,
          },
          {
            "avgDiffCoins": 261,
            "avgGames": 6265,
            "date": "2024-01-11",
            "dayOfWeek": "木",
            "isOldEventDay": true,
            "winRate": 50,
          },
        ],
        "tacticalReason": "特日平均差枚プラス圏。安定して高設定が配分される傾向あり。",
        "tags": [
          "ジャグラー",
          "少台数(4台)",
        ],
        "totalMachines": 4,
      },
      {
        "allHighDaysCount": 0,
        "avgGames": 5760,
        "compositeScore": 46.2,
        "expectedDiffCoins": 88,
        "matchingAvgDiffCoins": 227,
        "matchingDaysCount": 2,
        "matchingWinRate": 66.7,
        "modelName": "マイジャグラーV",
        "predictedPayoutRate": 100.51,
        "predictedWinRate": 53.9,
        "rank": 15,
        "rankGrade": "B",
        "sampleDays": 60,
        "sampleRecords": [
          {
            "avgDiffCoins": 314,
            "avgGames": 5678,
            "date": "2024-02-22",
            "dayOfWeek": "木",
            "isOldEventDay": true,
            "winRate": 66.7,
          },
          {
            "avgDiffCoins": 140,
            "avgGames": 5842,
            "date": "2024-01-11",
            "dayOfWeek": "木",
            "isOldEventDay": true,
            "winRate": 66.7,
          },
        ],
        "tacticalReason": "同種特日での安定勝率66.7%。大崩れしにくく堅実な立ち回りに最適。",
        "tags": [
          "ジャグラー",
          "少台数(3台)",
        ],
        "totalMachines": 3,
      },
    ],
    "specialDayLabel": "7のつく日 (旧イベ特日)",
    "tacticalAdvice": {
      "morningPriority": "【本命最優先】キングハナハナ-30 の確保を最優先に狙う。特に 末尾 7 と重複する台番は激アツ期待度大。",
      "secondOption": "【対抗候補】抽選番号が振るわない場合は L からくりサーカス または 末尾 9 の主力台番へシフト。",
      "summary": "7のつく日 (旧イベ特日) はホール全体での還元期待度が極めて高い勝負日。過去実績トップの「キングハナハナ-30」を中心とした多台数メイン機種を攻めるのがセオリーです。",
      "tailStrategy": "日付末尾 (7日) と過去実績首位の「末尾 7」の合致率に注目。良番時はこの2つの末尾を優先選択。",
    },
    "tailRankings": [
      {
        "expectedDiffCoins": 48.7,
        "isDateTailMatch": true,
        "rank": 1,
        "recommendationLevel": "対抗",
        "sampleDays": 60,
        "tailName": "末尾 7",
        "tailNum": 7,
        "winRate": 50,
      },
      {
        "expectedDiffCoins": 24.7,
        "isDateTailMatch": false,
        "rank": 2,
        "recommendationLevel": "対抗",
        "sampleDays": 60,
        "tailName": "末尾 9",
        "tailNum": 9,
        "winRate": 50,
      },
      {
        "expectedDiffCoins": 17.7,
        "isDateTailMatch": false,
        "rank": 3,
        "recommendationLevel": "対抗",
        "sampleDays": 60,
        "tailName": "末尾 0",
        "tailNum": 0,
        "winRate": 50,
      },
      {
        "expectedDiffCoins": 10.3,
        "isDateTailMatch": false,
        "rank": 4,
        "recommendationLevel": "対抗",
        "sampleDays": 60,
        "tailName": "末尾 2",
        "tailNum": 2,
        "winRate": 50,
      },
      {
        "expectedDiffCoins": 4.6,
        "isDateTailMatch": false,
        "rank": 5,
        "recommendationLevel": "対抗",
        "sampleDays": 60,
        "tailName": "末尾 5",
        "tailNum": 5,
        "winRate": 50,
      },
      {
        "expectedDiffCoins": 0.8,
        "isDateTailMatch": false,
        "rank": 6,
        "recommendationLevel": "対抗",
        "sampleDays": 60,
        "tailName": "末尾 1",
        "tailNum": 1,
        "winRate": 50,
      },
      {
        "expectedDiffCoins": 0,
        "isDateTailMatch": false,
        "rank": 7,
        "recommendationLevel": "通常",
        "sampleDays": 0,
        "tailName": "末尾 ゾロ目",
        "tailNum": null,
        "winRate": 48,
      },
      {
        "expectedDiffCoins": -1.1,
        "isDateTailMatch": false,
        "rank": 8,
        "recommendationLevel": "通常",
        "sampleDays": 60,
        "tailName": "末尾 4",
        "tailNum": 4,
        "winRate": 50,
      },
      {
        "expectedDiffCoins": -4.6,
        "isDateTailMatch": false,
        "rank": 9,
        "recommendationLevel": "通常",
        "sampleDays": 60,
        "tailName": "末尾 8",
        "tailNum": 8,
        "winRate": 50,
      },
      {
        "expectedDiffCoins": -8.2,
        "isDateTailMatch": false,
        "rank": 10,
        "recommendationLevel": "通常",
        "sampleDays": 60,
        "tailName": "末尾 3",
        "tailNum": 3,
        "winRate": 50,
      },
      {
        "expectedDiffCoins": -9.9,
        "isDateTailMatch": false,
        "rank": 11,
        "recommendationLevel": "通常",
        "sampleDays": 60,
        "tailName": "末尾 6",
        "tailNum": 6,
        "winRate": 50,
      },
    ],
    "targetDate": "2024-03-07",
  },
}
`;
